// Jest Snapshot v1, https://goo.gl/fbAQLP

exports[`Button should render correctly and match the snapshot 1`] = `
<View
  accessibilityRole="button"
  accessibilityState={
    Object {
      "disabled": false,
    }
  }
  accessible={true}
  collapsable={false}
  focusable={true}
  onClick={[Function]}
  onResponderGrant={[Function]}
  onResponderMove={[Function]}
  onResponderRelease={[Function]}
  onResponderTerminate={[Function]}
  onResponderTerminationRequest={[Function]}
  onStartShouldSetResponder={[Function]}
  style={
    Object {
      "alignItems": "center",
      "backgroundColor": "#9146FF",
      "borderRadius": 8,
      "flexDirection": "row",
      "height": 56,
      "justifyContent": "center",
      "opacity": 1,
      "width": "100%",
    }
  }
  testID="Button.testId"
>
  <Text
    style={
      Array [
        Object {
          "color": "#DDE3F0",
          "flexBasis": 0,
          "flexGrow": 1,
          "flexShrink": 1,
          "fontFamily": "Inter_500Medium",
          "fontSize": 15,
          "textAlign": "center",
        },
      ]
    }
    testID="Button.label.testId"
  >
    banana
  </Text>
</View>
`;
